 reverseMap

 Timestamp is 5240d2c2 (Mon Sep 23 19:46:10 2013)

 Preferred load address is 0000000180000000

 Start         Length     Name                   Class
 0001:00000000 00000c40H .text                   CODE
 0001:00000c40 00000092H .text$x                 CODE
 0002:00000000 000000f8H .idata$5                DATA
 0002:000000f8 00000008H .CRT$XCA                DATA
 0002:00000100 00000008H .CRT$XCZ                DATA
 0002:00000108 00000008H .CRT$XIA                DATA
 0002:00000110 00000008H .CRT$XIAA               DATA
 0002:00000118 00000008H .CRT$XIZ                DATA
 0002:00000120 00000020H .rdata                  DATA
 0002:00000140 00000008H .rtc$IAA                DATA
 0002:00000148 00000008H .rtc$IZZ                DATA
 0002:00000150 00000008H .rtc$TAA                DATA
 0002:00000158 00000008H .rtc$TZZ                DATA
 0002:00000160 00000144H .xdata                  DATA
 0002:000002a4 0000003cH .idata$2                DATA
 0002:000002e0 00000014H .idata$3                DATA
 0002:000002f8 000000f8H .idata$4                DATA
 0002:000003f0 000001f8H .idata$6                DATA
 0002:000005f0 00000050H .edata                  DATA
 0003:00000000 00000020H .data                   DATA
 0003:00000020 00000040H .bss                    DATA
 0004:00000000 000000e4H .pdata                  DATA

  Address         Publics by Value              Rva+Base               Lib:Object

 0000:00000000       ___safe_se_handler_table   0000000000000000     <absolute>
 0000:00000000       ___safe_se_handler_count   0000000000000000     <absolute>
 0000:00000000       __ImageBase                0000000180000000     <linker-defined>
 0001:00000000       shiftGbkInds               0000000180001000 f   reverseMap.obj
 0001:00000130       mexFunction                0000000180001130 f   reverseMap.obj
 0001:000004ca       mxDuplicateArray           00000001800014ca f   libmx:libmx.dll
 0001:000004d0       mxGetN                     00000001800014d0 f   libmx:libmx.dll
 0001:000004d6       mxGetM                     00000001800014d6 f   libmx:libmx.dll
 0001:000004dc       mxGetPr                    00000001800014dc f   libmx:libmx.dll
 0001:000004e2       mxGetDimensions_700        00000001800014e2 f   libmx:libmx.dll
 0001:000004e8       mxGetCell_700              00000001800014e8 f   libmx:libmx.dll
 0001:00000550       _CRT_INIT                  0000000180001550 f   MSVCRT:crtdll.obj
 0001:000008e8       _DllMainCRTStartup         00000001800018e8 f   MSVCRT:crtdll.obj
 0001:00000928       __clean_type_info_names    0000000180001928 f   MSVCRT:tncleanup.obj
 0001:00000934       _onexit                    0000000180001934 f   MSVCRT:atonexit.obj
 0001:000009e4       atexit                     00000001800019e4 f   MSVCRT:atonexit.obj
 0001:000009fc       _RTC_Initialize            00000001800019fc f   MSVCRT:_initsect_.obj
 0001:00000a34       _RTC_Terminate             0000000180001a34 f   MSVCRT:_initsect_.obj
 0001:00000a70       _ValidateImageBase         0000000180001a70 f   MSVCRT:pesect.obj
 0001:00000aa0       _FindPESection             0000000180001aa0 f   MSVCRT:pesect.obj
 0001:00000af0       _IsNonwritableInCurrentImage 0000000180001af0 f   MSVCRT:pesect.obj
 0001:00000b32       _initterm                  0000000180001b32 f   MSVCRT:MSVCR100.dll
 0001:00000b38       _initterm_e                0000000180001b38 f   MSVCRT:MSVCR100.dll
 0001:00000b3e       _amsg_exit                 0000000180001b3e f   MSVCRT:MSVCR100.dll
 0001:00000b44       __C_specific_handler       0000000180001b44 f   MSVCRT:MSVCR100.dll
 0001:00000b4a       __CppXcptFilter            0000000180001b4a f   MSVCRT:MSVCR100.dll
 0001:00000b50       DllMain                    0000000180001b50 f   MSVCRT:dllmain.obj
 0001:00000b74       __security_init_cookie     0000000180001b74 f   MSVCRT:gs_support.obj
 0001:00000c28       __clean_type_info_names_internal 0000000180001c28 f   MSVCRT:MSVCR100.dll
 0001:00000c2e       _unlock                    0000000180001c2e f   MSVCRT:MSVCR100.dll
 0001:00000c34       __dllonexit                0000000180001c34 f   MSVCRT:MSVCR100.dll
 0001:00000c3a       _lock                      0000000180001c3a f   MSVCRT:MSVCR100.dll
 0002:00000000       __imp_GetSystemTimeAsFileTime 0000000180002000     kernel32:KERNEL32.dll
 0002:00000008       __imp_GetCurrentProcessId  0000000180002008     kernel32:KERNEL32.dll
 0002:00000010       __imp_GetCurrentThreadId   0000000180002010     kernel32:KERNEL32.dll
 0002:00000018       __imp_GetTickCount         0000000180002018     kernel32:KERNEL32.dll
 0002:00000020       __imp_QueryPerformanceCounter 0000000180002020     kernel32:KERNEL32.dll
 0002:00000028       __imp_DisableThreadLibraryCalls 0000000180002028     kernel32:KERNEL32.dll
 0002:00000030       __imp_DecodePointer        0000000180002030     kernel32:KERNEL32.dll
 0002:00000038       __imp_EncodePointer        0000000180002038     kernel32:KERNEL32.dll
 0002:00000040       __imp_Sleep                0000000180002040     kernel32:KERNEL32.dll
 0002:00000048       \177KERNEL32_NULL_THUNK_DATA 0000000180002048     kernel32:KERNEL32.dll
 0002:00000050       __imp_free                 0000000180002050     MSVCRT:MSVCR100.dll
 0002:00000058       __imp__encoded_null        0000000180002058     MSVCRT:MSVCR100.dll
 0002:00000060       __imp__initterm_e          0000000180002060     MSVCRT:MSVCR100.dll
 0002:00000068       __imp___C_specific_handler 0000000180002068     MSVCRT:MSVCR100.dll
 0002:00000070       __imp___CppXcptFilter      0000000180002070     MSVCRT:MSVCR100.dll
 0002:00000078       __imp___clean_type_info_names_internal 0000000180002078     MSVCRT:MSVCR100.dll
 0002:00000080       __imp__unlock              0000000180002080     MSVCRT:MSVCR100.dll
 0002:00000088       __imp___dllonexit          0000000180002088     MSVCRT:MSVCR100.dll
 0002:00000090       __imp__lock                0000000180002090     MSVCRT:MSVCR100.dll
 0002:00000098       __imp__onexit              0000000180002098     MSVCRT:MSVCR100.dll
 0002:000000a0       __imp__initterm            00000001800020a0     MSVCRT:MSVCR100.dll
 0002:000000a8       __imp__malloc_crt          00000001800020a8     MSVCRT:MSVCR100.dll
 0002:000000b0       __imp__amsg_exit           00000001800020b0     MSVCRT:MSVCR100.dll
 0002:000000b8       \177MSVCR100_NULL_THUNK_DATA 00000001800020b8     MSVCRT:MSVCR100.dll
 0002:000000c0       __imp_mxGetCell_700        00000001800020c0     libmx:libmx.dll
 0002:000000c8       __imp_mxGetDimensions_700  00000001800020c8     libmx:libmx.dll
 0002:000000d0       __imp_mxGetPr              00000001800020d0     libmx:libmx.dll
 0002:000000d8       __imp_mxGetM               00000001800020d8     libmx:libmx.dll
 0002:000000e0       __imp_mxGetN               00000001800020e0     libmx:libmx.dll
 0002:000000e8       __imp_mxDuplicateArray     00000001800020e8     libmx:libmx.dll
 0002:000000f0       \177libmx_NULL_THUNK_DATA  00000001800020f0     libmx:libmx.dll
 0002:000000f8       __xc_a                     00000001800020f8     MSVCRT:cinitexe.obj
 0002:00000100       __xc_z                     0000000180002100     MSVCRT:cinitexe.obj
 0002:00000108       __xi_a                     0000000180002108     MSVCRT:cinitexe.obj
 0002:00000118       __xi_z                     0000000180002118     MSVCRT:cinitexe.obj
 0002:00000120       __real@3ff0000000000000    0000000180002120     reverseMap.obj
 0002:00000128       __real@3fefae147ae147ae    0000000180002128     reverseMap.obj
 0002:00000130       __real@3f847ae147ae147b    0000000180002130     reverseMap.obj
 0002:00000138       _pDefaultRawDllMain        0000000180002138     MSVCRT:crtdll.obj
 0002:00000138       _pRawDllMain               0000000180002138     MSVCRT:crtdll.obj
 0002:00000140       __rtc_iaa                  0000000180002140     MSVCRT:_initsect_.obj
 0002:00000148       __rtc_izz                  0000000180002148     MSVCRT:_initsect_.obj
 0002:00000150       __rtc_taa                  0000000180002150     MSVCRT:_initsect_.obj
 0002:00000158       __rtc_tzz                  0000000180002158     MSVCRT:_initsect_.obj
 0002:000002a4       __IMPORT_DESCRIPTOR_libmx  00000001800022a4     libmx:libmx.dll
 0002:000002b8       __IMPORT_DESCRIPTOR_MSVCR100 00000001800022b8     MSVCRT:MSVCR100.dll
 0002:000002cc       __IMPORT_DESCRIPTOR_KERNEL32 00000001800022cc     kernel32:KERNEL32.dll
 0002:000002e0       __NULL_IMPORT_DESCRIPTOR   00000001800022e0     libmx:libmx.dll
 0003:00000000       _fltused                   0000000180003000     MSVCRT:dllsupp.obj
 0003:00000004       __native_dllmain_reason    0000000180003004     MSVCRT:natstart.obj
 0003:00000008       __native_vcclrit_reason    0000000180003008     MSVCRT:natstart.obj
 0003:00000010       __security_cookie          0000000180003010     MSVCRT:gs_cookie.obj
 0003:00000018       __security_cookie_complement 0000000180003018     MSVCRT:gs_cookie.obj
 0003:00000028       ?__type_info_root_node@@3U__type_info_node@@A 0000000180003028     MSVCRT:tncleanup.obj
 0003:00000038       __native_startup_state     0000000180003038     <common>
 0003:00000040       __native_startup_lock      0000000180003040     <common>
 0003:00000048       __onexitend                0000000180003048     <common>
 0003:00000050       __onexitbegin              0000000180003050     <common>
 0003:00000058       __dyn_tls_init_callback    0000000180003058     <common>

 entry point at        0001:000008e8

 Static symbols

 0001:000004f0       pre_c_init                 00000001800014f0 f   MSVCRT:crtdll.obj
 0001:000007ac       __DllMainCRTStartup        00000001800017ac f   MSVCRT:crtdll.obj
 0001:00000c40       __DllMainCRTStartup$filt$0 0000000180001c40 f   MSVCRT:crtdll.obj
 0001:00000c70       __DllMainCRTStartup$fin$1  0000000180001c70 f   MSVCRT:crtdll.obj
 0001:00000c8a       _onexit$fin$0              0000000180001c8a f   MSVCRT:atonexit.obj
 0001:00000cb0       _IsNonwritableInCurrentImage$filt$0 0000000180001cb0 f   MSVCRT:pesect.obj
